../Core/chos_sdk/raw_parser/raw_parser_dma/rawparser_dma.c:50:18:rawParser_dma_new	32	static
../Core/chos_sdk/raw_parser/raw_parser_dma/rawparser_dma.c:66:5:rawParser_dma_init	24	static
../Core/chos_sdk/raw_parser/raw_parser_dma/rawparser_dma.c:158:5:rawParser_dma_delete	24	static
../Core/chos_sdk/raw_parser/raw_parser_dma/rawparser_dma.c:172:13:RawParser_dma_proceedByte	40	static
../Core/chos_sdk/raw_parser/raw_parser_dma/rawparser_dma.c:408:20:RawParser_dma_proceed	40	static
../Core/chos_sdk/raw_parser/raw_parser_dma/rawparser_dma.c:462:20:RawParser_dma_shieldFrame	56	static
../Core/chos_sdk/raw_parser/raw_parser_dma/rawparser_dma.c:495:6:RawParser_dma_startTransmittPacket	56	static
../Core/chos_sdk/raw_parser/raw_parser_dma/rawparser_dma.c:548:20:RawParser_dma_finishTransmittPacket	48	static
../Core/chos_sdk/raw_parser/raw_parser_dma/rawparser_dma.c:596:6:RawParser_dma_universalWrite	56	static
../Core/chos_sdk/raw_parser/raw_parser_dma/rawparser_dma.c:641:6:RawParser_dma_universalRead	40	static
