../Core/chaos_sdk/raw_parser/raw_parser_dma/rawparser_dma.c:50:18:rawParser_dma_new	32	static
../Core/chaos_sdk/raw_parser/raw_parser_dma/rawparser_dma.c:66:5:rawParser_dma_init	24	static
../Core/chaos_sdk/raw_parser/raw_parser_dma/rawparser_dma.c:158:5:rawParser_dma_delete	24	static
../Core/chaos_sdk/raw_parser/raw_parser_dma/rawparser_dma.c:172:13:RawParser_dma_proceedByte	40	static
../Core/chaos_sdk/raw_parser/raw_parser_dma/rawparser_dma.c:410:20:RawParser_dma_proceed	40	static
../Core/chaos_sdk/raw_parser/raw_parser_dma/rawparser_dma.c:464:20:RawParser_dma_shieldFrame	56	static
../Core/chaos_sdk/raw_parser/raw_parser_dma/rawparser_dma.c:497:6:RawParser_dma_startTransmittPacket	56	static
../Core/chaos_sdk/raw_parser/raw_parser_dma/rawparser_dma.c:550:20:RawParser_dma_finishTransmittPacket	48	static
../Core/chaos_sdk/raw_parser/raw_parser_dma/rawparser_dma.c:598:6:RawParser_dma_universalWrite	56	static
../Core/chaos_sdk/raw_parser/raw_parser_dma/rawparser_dma.c:643:6:RawParser_dma_universalRead	40	static
