../Core/chos_sdk/algorithms-in-c/EdgeListGraph.c:30:1:edgelist_init	24	static
../Core/chos_sdk/algorithms-in-c/EdgeListGraph.c:30:1:edgelist_realloc	32	static
../Core/chos_sdk/algorithms-in-c/EdgeListGraph.c:30:1:edgelist_resize	16	static
../Core/chos_sdk/algorithms-in-c/EdgeListGraph.c:30:1:edgelist_destroy	16	static
../Core/chos_sdk/algorithms-in-c/EdgeListGraph.c:30:1:edgelist_get	32	static
../Core/chos_sdk/algorithms-in-c/EdgeListGraph.c:30:1:edgelist_set	24	static
../Core/chos_sdk/algorithms-in-c/EdgeListGraph.c:30:1:edgelist_insert	24	static
../Core/chos_sdk/algorithms-in-c/EdgeListGraph.c:30:1:edgelist_remove	24	static
../Core/chos_sdk/algorithms-in-c/EdgeListGraph.c:30:1:edgelist_get_front	16	static
../Core/chos_sdk/algorithms-in-c/EdgeListGraph.c:30:1:edgelist_get_back	16	static
../Core/chos_sdk/algorithms-in-c/EdgeListGraph.c:30:1:edgelist_push_front	24	static
../Core/chos_sdk/algorithms-in-c/EdgeListGraph.c:30:1:edgelist_push_back	32	static
../Core/chos_sdk/algorithms-in-c/EdgeListGraph.c:30:1:edgelist_pop_front	16	static
../Core/chos_sdk/algorithms-in-c/EdgeListGraph.c:30:1:edgelist_pop_back	16	static
../Core/chos_sdk/algorithms-in-c/EdgeListGraph.c:30:1:edgelist_swap	48	static
../Core/chos_sdk/algorithms-in-c/EdgeListGraph.c:30:1:edgelist_partial_quicksort	72	static
../Core/chos_sdk/algorithms-in-c/EdgeListGraph.c:30:1:edgelist_quicksort	16	static
../Core/chos_sdk/algorithms-in-c/EdgeListGraph.c:30:1:edgelist_from_array	24	static
../Core/chos_sdk/algorithms-in-c/EdgeListGraph.c:30:1:edgelist_copy	16	static
../Core/chos_sdk/algorithms-in-c/EdgeListGraph.c:30:1:edgelist_find	48	static
../Core/chos_sdk/algorithms-in-c/EdgeListGraph.c:30:1:edgelist_clear	16	static
../Core/chos_sdk/algorithms-in-c/EdgeListGraph.c:30:1:edgelist_multi_set	40	static
../Core/chos_sdk/algorithms-in-c/EdgeListGraph.c:30:1:edgelist_move	24	static
../Core/chos_sdk/algorithms-in-c/EdgeListGraph.c:30:1:edgelist_index_out_of_range	16	static
../Core/chos_sdk/algorithms-in-c/EdgeListGraph.c:32:6:egraph_init	16	static
../Core/chos_sdk/algorithms-in-c/EdgeListGraph.c:39:6:egraph_destroy	16	static
../Core/chos_sdk/algorithms-in-c/EdgeListGraph.c:45:5:egraph_set_edge	64	static
../Core/chos_sdk/algorithms-in-c/EdgeListGraph.c:55:5:egraph_add_edge	32	static
../Core/chos_sdk/algorithms-in-c/EdgeListGraph.c:60:6:egraph_read	80	static
../Core/chos_sdk/algorithms-in-c/EdgeListGraph.c:89:6:egraph_write	48	static
../Core/chos_sdk/algorithms-in-c/EdgeListGraph.c:101:6:path_resize	32	static
../Core/chos_sdk/algorithms-in-c/EdgeListGraph.c:114:19:compare	32	static
../Core/chos_sdk/algorithms-in-c/EdgeListGraph.c:123:6:egraph_kruskal_mst	88	static
../Core/chos_sdk/algorithms-in-c/EdgeListGraph.c:142:5:egraph_bellman_ford	112	static
