../Core/chos_sdk/algorithms-in-c/IntrusiveLinkedList.h:193:20:islist_init	16	static
../Core/chos_sdk/algorithms-in-c/Graph.c:31:1:vertexlist_init	24	static
../Core/chos_sdk/algorithms-in-c/Graph.c:31:1:vertexlist_realloc	32	static
../Core/chos_sdk/algorithms-in-c/Graph.c:31:1:vertexlist_resize	16	static
../Core/chos_sdk/algorithms-in-c/Graph.c:31:1:vertexlist_destroy	16	static
../Core/chos_sdk/algorithms-in-c/Graph.c:31:1:vertexlist_get	24	static
../Core/chos_sdk/algorithms-in-c/Graph.c:31:1:vertexlist_set	24	static
../Core/chos_sdk/algorithms-in-c/Graph.c:31:1:vertexlist_insert	24	static
../Core/chos_sdk/algorithms-in-c/Graph.c:31:1:vertexlist_remove	24	static
../Core/chos_sdk/algorithms-in-c/Graph.c:31:1:vertexlist_get_front	16	static
../Core/chos_sdk/algorithms-in-c/Graph.c:31:1:vertexlist_get_back	16	static
../Core/chos_sdk/algorithms-in-c/Graph.c:31:1:vertexlist_push_front	32	static
../Core/chos_sdk/algorithms-in-c/Graph.c:31:1:vertexlist_push_back	32	static
../Core/chos_sdk/algorithms-in-c/Graph.c:31:1:vertexlist_pop_front	16	static
../Core/chos_sdk/algorithms-in-c/Graph.c:31:1:vertexlist_pop_back	16	static
../Core/chos_sdk/algorithms-in-c/Graph.c:31:1:vertexlist_swap	48	static
../Core/chos_sdk/algorithms-in-c/Graph.c:31:1:vertexlist_partial_quicksort	64	static
../Core/chos_sdk/algorithms-in-c/Graph.c:31:1:vertexlist_quicksort	16	static
../Core/chos_sdk/algorithms-in-c/Graph.c:31:1:vertexlist_from_array	24	static
../Core/chos_sdk/algorithms-in-c/Graph.c:31:1:vertexlist_copy	16	static
../Core/chos_sdk/algorithms-in-c/Graph.c:31:1:vertexlist_find	48	static
../Core/chos_sdk/algorithms-in-c/Graph.c:31:1:vertexlist_clear	16	static
../Core/chos_sdk/algorithms-in-c/Graph.c:31:1:vertexlist_multi_set	40	static
../Core/chos_sdk/algorithms-in-c/Graph.c:31:1:vertexlist_move	24	static
../Core/chos_sdk/algorithms-in-c/Graph.c:31:1:vertexlist_index_out_of_range	16	static
../Core/chos_sdk/algorithms-in-c/Graph.c:50:1:heap_swap	32	static
../Core/chos_sdk/algorithms-in-c/Graph.c:50:1:heap_sift_up	56	static
../Core/chos_sdk/algorithms-in-c/Graph.c:50:1:heap_sift_down	56	static
../Core/chos_sdk/algorithms-in-c/Graph.c:50:1:heap_init	32	static
../Core/chos_sdk/algorithms-in-c/Graph.c:50:1:heap_destroy	16	static
../Core/chos_sdk/algorithms-in-c/Graph.c:50:1:heap_push	32	static
../Core/chos_sdk/algorithms-in-c/Graph.c:50:1:heap_pop	24	static
../Core/chos_sdk/algorithms-in-c/Graph.c:50:1:heap_top	16	static
../Core/chos_sdk/algorithms-in-c/Graph.c:50:1:heap_update	48	static
../Core/chos_sdk/algorithms-in-c/Graph.c:50:1:heap_sort	24	static
../Core/chos_sdk/algorithms-in-c/Graph.c:52:12:_compare_weight	32	static
../Core/chos_sdk/algorithms-in-c/Graph.c:61:6:graph_init	16	static
../Core/chos_sdk/algorithms-in-c/Graph.c:67:6:graph_add_vertex	24	static
../Core/chos_sdk/algorithms-in-c/Graph.c:77:1:_graph_add_unidirect_edge	32	static
../Core/chos_sdk/algorithms-in-c/Graph.c:94:1:_graph_add_bidirect_edge	32	static
../Core/chos_sdk/algorithms-in-c/Graph.c:100:6:graph_add_edge	40	static
../Core/chos_sdk/algorithms-in-c/Graph.c:108:11:graph_get_edge	32	static
../Core/chos_sdk/algorithms-in-c/Graph.c:118:6:graph_remove_edge	32	static
../Core/chos_sdk/algorithms-in-c/Graph.c:130:6:graph_destroy	32	static
../Core/chos_sdk/algorithms-in-c/Graph.c:139:6:graph_write	40	static
../Core/chos_sdk/algorithms-in-c/Graph.c:158:6:graph_read	72	static
../Core/chos_sdk/algorithms-in-c/Graph.c:189:6:graph_reset_vertices	24	static
../Core/chos_sdk/algorithms-in-c/Graph.c:196:6:graph_reset_edges	24	static
../Core/chos_sdk/algorithms-in-c/Graph.c:208:6:graph_depth_first_order	32	static
../Core/chos_sdk/algorithms-in-c/Graph.c:224:6:graph_depth_first_search	24	static
../Core/chos_sdk/algorithms-in-c/Graph.c:232:13:_graph_depth_first_path	32	static
../Core/chos_sdk/algorithms-in-c/Graph.c:246:6:graph_depth_first_path	24	static
../Core/chos_sdk/algorithms-in-c/Graph.c:256:6:graph_breadth_first_search	48	static
../Core/chos_sdk/algorithms-in-c/Graph.c:283:6:graph_breadth_first_path	48	static
../Core/chos_sdk/algorithms-in-c/Graph.c:314:5:graph_connected_components	24	static
../Core/chos_sdk/algorithms-in-c/Graph.c:338:12:_graph_topological_sort	32	static
../Core/chos_sdk/algorithms-in-c/Graph.c:354:5:graph_topological_sort	24	static
../Core/chos_sdk/algorithms-in-c/Graph.c:369:6:graph_reverse	40	static
../Core/chos_sdk/algorithms-in-c/Graph.c:383:5:graph_kosaraju_scc	64	static
../Core/chos_sdk/algorithms-in-c/Graph.c:443:6:_tarjan_init	24	static
../Core/chos_sdk/algorithms-in-c/Graph.c:461:6:_tarjan_destroy	16	static
../Core/chos_sdk/algorithms-in-c/Graph.c:468:6:_tarjan_display	16	static
../Core/chos_sdk/algorithms-in-c/Graph.c:474:6:_graph_tarjan_scc	40	static
../Core/chos_sdk/algorithms-in-c/Graph.c:511:5:graph_tarjan_scc	72	static
../Core/chos_sdk/algorithms-in-c/Graph.c:536:1:_graph_min_dist	32	static
../Core/chos_sdk/algorithms-in-c/Graph.c:552:6:graph_prim_linear_search	72	static
../Core/chos_sdk/algorithms-in-c/Graph.c:597:6:graph_prim_priority_queue	88	static
../Core/chos_sdk/algorithms-in-c/Graph.c:647:6:graph_prim	16	static
../Core/chos_sdk/algorithms-in-c/Graph.c:657:1:_graph_relax	48	static
../Core/chos_sdk/algorithms-in-c/Graph.c:671:1:graph_dijkstra_linear_search	72	static
../Core/chos_sdk/algorithms-in-c/Graph.c:714:1:graph_dijkstra_priority_queue	96	static
../Core/chos_sdk/algorithms-in-c/Graph.c:754:6:graph_dijkstra	24	static
../Core/chos_sdk/algorithms-in-c/Graph.c:774:5:graph_bellman_ford	72	static
../Core/chos_sdk/algorithms-in-c/Graph.c:834:6:graph_create	32	static
../Core/chos_sdk/algorithms-in-c/Graph.c:859:6:_graph_negate	32	static
../Core/chos_sdk/algorithms-in-c/Graph.c:868:6:_path_negate	32	static
../Core/chos_sdk/algorithms-in-c/Graph.c:874:6:graph_critical_path	24	static
