../Core/chos_sdk/algorithms-in-c/IntegerSequence.c:29:1:sequence_init	24	static
../Core/chos_sdk/algorithms-in-c/IntegerSequence.c:29:1:sequence_realloc	32	static
../Core/chos_sdk/algorithms-in-c/IntegerSequence.c:29:1:sequence_resize	16	static
../Core/chos_sdk/algorithms-in-c/IntegerSequence.c:29:1:sequence_destroy	16	static
../Core/chos_sdk/algorithms-in-c/IntegerSequence.c:29:1:sequence_get	24	static
../Core/chos_sdk/algorithms-in-c/IntegerSequence.c:29:1:sequence_set	24	static
../Core/chos_sdk/algorithms-in-c/IntegerSequence.c:29:1:sequence_insert	24	static
../Core/chos_sdk/algorithms-in-c/IntegerSequence.c:29:1:sequence_remove	24	static
../Core/chos_sdk/algorithms-in-c/IntegerSequence.c:29:1:sequence_get_front	16	static
../Core/chos_sdk/algorithms-in-c/IntegerSequence.c:29:1:sequence_get_back	16	static
../Core/chos_sdk/algorithms-in-c/IntegerSequence.c:29:1:sequence_push_front	16	static
../Core/chos_sdk/algorithms-in-c/IntegerSequence.c:29:1:sequence_push_back	16	static
../Core/chos_sdk/algorithms-in-c/IntegerSequence.c:29:1:sequence_pop_front	16	static
../Core/chos_sdk/algorithms-in-c/IntegerSequence.c:29:1:sequence_pop_back	16	static
../Core/chos_sdk/algorithms-in-c/IntegerSequence.c:29:1:sequence_swap	32	static
../Core/chos_sdk/algorithms-in-c/IntegerSequence.c:29:1:sequence_partial_quicksort	40	static
../Core/chos_sdk/algorithms-in-c/IntegerSequence.c:29:1:sequence_quicksort	16	static
../Core/chos_sdk/algorithms-in-c/IntegerSequence.c:29:1:sequence_from_array	24	static
../Core/chos_sdk/algorithms-in-c/IntegerSequence.c:29:1:sequence_copy	16	static
../Core/chos_sdk/algorithms-in-c/IntegerSequence.c:29:1:sequence_find	32	static
../Core/chos_sdk/algorithms-in-c/IntegerSequence.c:29:1:sequence_clear	16	static
../Core/chos_sdk/algorithms-in-c/IntegerSequence.c:29:1:sequence_multi_set	32	static
../Core/chos_sdk/algorithms-in-c/IntegerSequence.c:29:1:sequence_move	24	static
../Core/chos_sdk/algorithms-in-c/IntegerSequence.c:29:1:sequence_index_out_of_range	16	static
../Core/chos_sdk/algorithms-in-c/IntegerSequence.c:31:6:sequence_read	24	static
../Core/chos_sdk/algorithms-in-c/IntegerSequence.c:39:6:sequence_write	32	static
