../Core/chos_sdk/entityframework/reader/entity_read_base.c:17:5:setEntityReadParent_uni	40	static
../Core/chos_sdk/entityframework/reader/entity_read_base.c:30:5:setEntityReadParent_sreg	48	static
../Core/chos_sdk/entityframework/reader/entity_read_base.c:51:5:setEntityReadParent_reg	48	static
../Core/chos_sdk/entityframework/reader/entity_read_base.c:106:1:getEntityReadChield_u8	16	static
../Core/chos_sdk/entityframework/reader/entity_read_base.c:106:1:setEntityReadChield_u8	56	static
../Core/chos_sdk/entityframework/reader/entity_read_base.c:107:1:getEntityReadChield_u16	16	static
../Core/chos_sdk/entityframework/reader/entity_read_base.c:107:1:setEntityReadChield_u16	56	static
../Core/chos_sdk/entityframework/reader/entity_read_base.c:109:1:getEntityReadChield_u24	16	static
../Core/chos_sdk/entityframework/reader/entity_read_base.c:109:1:setEntityReadChield_u24	56	static
../Core/chos_sdk/entityframework/reader/entity_read_base.c:110:1:getEntityReadChield_u32	16	static
../Core/chos_sdk/entityframework/reader/entity_read_base.c:110:1:setEntityReadChield_u32	56	static
../Core/chos_sdk/entityframework/reader/entity_read_base.c:111:1:getEntityReadChield_u64	16	static
../Core/chos_sdk/entityframework/reader/entity_read_base.c:111:1:setEntityReadChield_u64	64	static
../Core/chos_sdk/entityframework/reader/entity_read_base.c:113:1:getEntityReadChield_c8	16	static
../Core/chos_sdk/entityframework/reader/entity_read_base.c:113:1:setEntityReadChield_c8	56	static
../Core/chos_sdk/entityframework/reader/entity_read_base.c:114:1:getEntityReadChield_i8	16	static
../Core/chos_sdk/entityframework/reader/entity_read_base.c:114:1:setEntityReadChield_i8	56	static
../Core/chos_sdk/entityframework/reader/entity_read_base.c:115:1:getEntityReadChield_i16	16	static
../Core/chos_sdk/entityframework/reader/entity_read_base.c:115:1:setEntityReadChield_i16	56	static
../Core/chos_sdk/entityframework/reader/entity_read_base.c:116:1:getEntityReadChield_i24	16	static
../Core/chos_sdk/entityframework/reader/entity_read_base.c:116:1:setEntityReadChield_i24	56	static
../Core/chos_sdk/entityframework/reader/entity_read_base.c:117:1:getEntityReadChield_i32	16	static
../Core/chos_sdk/entityframework/reader/entity_read_base.c:117:1:setEntityReadChield_i32	56	static
../Core/chos_sdk/entityframework/reader/entity_read_base.c:118:1:getEntityReadChield_i64	16	static
../Core/chos_sdk/entityframework/reader/entity_read_base.c:118:1:setEntityReadChield_i64	64	static
../Core/chos_sdk/entityframework/reader/entity_read_base.c:120:1:getEntityReadChield_f32	16	static
../Core/chos_sdk/entityframework/reader/entity_read_base.c:120:1:setEntityReadChield_f32	56	static
../Core/chos_sdk/entityframework/reader/entity_read_base.c:121:1:getEntityReadChield_f64	16	static
../Core/chos_sdk/entityframework/reader/entity_read_base.c:121:1:setEntityReadChield_f64	64	static
../Core/chos_sdk/entityframework/reader/entity_read_base.c:124:1:getEntityReadChield_b	16	static
../Core/chos_sdk/entityframework/reader/entity_read_base.c:124:1:setEntityReadChield_b	56	static
../Core/chos_sdk/entityframework/reader/entity_read_base.c:126:1:getEntityReadChield_reg	16	static
../Core/chos_sdk/entityframework/reader/entity_read_base.c:126:1:setEntityReadChield_reg	64	static
../Core/chos_sdk/entityframework/reader/entity_read_base.c:127:1:getEntityReadChield_sreg	16	static
../Core/chos_sdk/entityframework/reader/entity_read_base.c:127:1:setEntityReadChield_sreg	64	static
