../Core/chos_sdk/algorithms-in-c/examples/Ch01-Foundamentals/ExpressionEvaluation/main.c:36:1:operator_stack_init	24	static
../Core/chos_sdk/algorithms-in-c/examples/Ch01-Foundamentals/ExpressionEvaluation/main.c:36:1:operator_stack_realloc	32	static
../Core/chos_sdk/algorithms-in-c/examples/Ch01-Foundamentals/ExpressionEvaluation/main.c:36:1:operator_stack_resize	16	static
../Core/chos_sdk/algorithms-in-c/examples/Ch01-Foundamentals/ExpressionEvaluation/main.c:36:1:operator_stack_destroy	16	static
../Core/chos_sdk/algorithms-in-c/examples/Ch01-Foundamentals/ExpressionEvaluation/main.c:36:1:operator_stack_get	24	static
../Core/chos_sdk/algorithms-in-c/examples/Ch01-Foundamentals/ExpressionEvaluation/main.c:36:1:operator_stack_set	24	static
../Core/chos_sdk/algorithms-in-c/examples/Ch01-Foundamentals/ExpressionEvaluation/main.c:36:1:operator_stack_insert	24	static
../Core/chos_sdk/algorithms-in-c/examples/Ch01-Foundamentals/ExpressionEvaluation/main.c:36:1:operator_stack_remove	24	static
../Core/chos_sdk/algorithms-in-c/examples/Ch01-Foundamentals/ExpressionEvaluation/main.c:36:1:operator_stack_get_front	16	static
../Core/chos_sdk/algorithms-in-c/examples/Ch01-Foundamentals/ExpressionEvaluation/main.c:36:1:operator_stack_get_back	16	static
../Core/chos_sdk/algorithms-in-c/examples/Ch01-Foundamentals/ExpressionEvaluation/main.c:36:1:operator_stack_push_front	16	static
../Core/chos_sdk/algorithms-in-c/examples/Ch01-Foundamentals/ExpressionEvaluation/main.c:36:1:operator_stack_push_back	16	static
../Core/chos_sdk/algorithms-in-c/examples/Ch01-Foundamentals/ExpressionEvaluation/main.c:36:1:operator_stack_pop_front	16	static
../Core/chos_sdk/algorithms-in-c/examples/Ch01-Foundamentals/ExpressionEvaluation/main.c:36:1:operator_stack_pop_back	16	static
../Core/chos_sdk/algorithms-in-c/examples/Ch01-Foundamentals/ExpressionEvaluation/main.c:36:1:operator_stack_swap	32	static
../Core/chos_sdk/algorithms-in-c/examples/Ch01-Foundamentals/ExpressionEvaluation/main.c:36:1:operator_stack_partial_quicksort	40	static
../Core/chos_sdk/algorithms-in-c/examples/Ch01-Foundamentals/ExpressionEvaluation/main.c:36:1:operator_stack_quicksort	16	static
../Core/chos_sdk/algorithms-in-c/examples/Ch01-Foundamentals/ExpressionEvaluation/main.c:36:1:operator_stack_from_array	24	static
../Core/chos_sdk/algorithms-in-c/examples/Ch01-Foundamentals/ExpressionEvaluation/main.c:36:1:operator_stack_copy	16	static
../Core/chos_sdk/algorithms-in-c/examples/Ch01-Foundamentals/ExpressionEvaluation/main.c:36:1:operator_stack_find	32	static
../Core/chos_sdk/algorithms-in-c/examples/Ch01-Foundamentals/ExpressionEvaluation/main.c:36:1:operator_stack_clear	16	static
../Core/chos_sdk/algorithms-in-c/examples/Ch01-Foundamentals/ExpressionEvaluation/main.c:36:1:operator_stack_multi_set	32	static
../Core/chos_sdk/algorithms-in-c/examples/Ch01-Foundamentals/ExpressionEvaluation/main.c:36:1:operator_stack_move	24	static
../Core/chos_sdk/algorithms-in-c/examples/Ch01-Foundamentals/ExpressionEvaluation/main.c:36:1:operator_stack_index_out_of_range	16	static
../Core/chos_sdk/algorithms-in-c/examples/Ch01-Foundamentals/ExpressionEvaluation/main.c:39:1:operand_stack_init	24	static
../Core/chos_sdk/algorithms-in-c/examples/Ch01-Foundamentals/ExpressionEvaluation/main.c:39:1:operand_stack_realloc	32	static
../Core/chos_sdk/algorithms-in-c/examples/Ch01-Foundamentals/ExpressionEvaluation/main.c:39:1:operand_stack_resize	16	static
../Core/chos_sdk/algorithms-in-c/examples/Ch01-Foundamentals/ExpressionEvaluation/main.c:39:1:operand_stack_destroy	16	static
../Core/chos_sdk/algorithms-in-c/examples/Ch01-Foundamentals/ExpressionEvaluation/main.c:39:1:operand_stack_get	24	static
../Core/chos_sdk/algorithms-in-c/examples/Ch01-Foundamentals/ExpressionEvaluation/main.c:39:1:operand_stack_set	24	static
../Core/chos_sdk/algorithms-in-c/examples/Ch01-Foundamentals/ExpressionEvaluation/main.c:39:1:operand_stack_insert	24	static
../Core/chos_sdk/algorithms-in-c/examples/Ch01-Foundamentals/ExpressionEvaluation/main.c:39:1:operand_stack_remove	24	static
../Core/chos_sdk/algorithms-in-c/examples/Ch01-Foundamentals/ExpressionEvaluation/main.c:39:1:operand_stack_get_front	16	static
../Core/chos_sdk/algorithms-in-c/examples/Ch01-Foundamentals/ExpressionEvaluation/main.c:39:1:operand_stack_get_back	16	static
../Core/chos_sdk/algorithms-in-c/examples/Ch01-Foundamentals/ExpressionEvaluation/main.c:39:1:operand_stack_push_front	16	static
../Core/chos_sdk/algorithms-in-c/examples/Ch01-Foundamentals/ExpressionEvaluation/main.c:39:1:operand_stack_push_back	16	static
../Core/chos_sdk/algorithms-in-c/examples/Ch01-Foundamentals/ExpressionEvaluation/main.c:39:1:operand_stack_pop_front	16	static
../Core/chos_sdk/algorithms-in-c/examples/Ch01-Foundamentals/ExpressionEvaluation/main.c:39:1:operand_stack_pop_back	16	static
../Core/chos_sdk/algorithms-in-c/examples/Ch01-Foundamentals/ExpressionEvaluation/main.c:39:1:operand_stack_swap	32	static
../Core/chos_sdk/algorithms-in-c/examples/Ch01-Foundamentals/ExpressionEvaluation/main.c:39:1:operand_stack_partial_quicksort	40	static
../Core/chos_sdk/algorithms-in-c/examples/Ch01-Foundamentals/ExpressionEvaluation/main.c:39:1:operand_stack_quicksort	16	static
../Core/chos_sdk/algorithms-in-c/examples/Ch01-Foundamentals/ExpressionEvaluation/main.c:39:1:operand_stack_from_array	24	static
../Core/chos_sdk/algorithms-in-c/examples/Ch01-Foundamentals/ExpressionEvaluation/main.c:39:1:operand_stack_copy	16	static
../Core/chos_sdk/algorithms-in-c/examples/Ch01-Foundamentals/ExpressionEvaluation/main.c:39:1:operand_stack_find	32	static
../Core/chos_sdk/algorithms-in-c/examples/Ch01-Foundamentals/ExpressionEvaluation/main.c:39:1:operand_stack_clear	16	static
../Core/chos_sdk/algorithms-in-c/examples/Ch01-Foundamentals/ExpressionEvaluation/main.c:39:1:operand_stack_multi_set	32	static
../Core/chos_sdk/algorithms-in-c/examples/Ch01-Foundamentals/ExpressionEvaluation/main.c:39:1:operand_stack_move	24	static
../Core/chos_sdk/algorithms-in-c/examples/Ch01-Foundamentals/ExpressionEvaluation/main.c:39:1:operand_stack_index_out_of_range	16	static
../Core/chos_sdk/algorithms-in-c/examples/Ch01-Foundamentals/ExpressionEvaluation/main.c:41:6:show_operator_stack	24	static
../Core/chos_sdk/algorithms-in-c/examples/Ch01-Foundamentals/ExpressionEvaluation/main.c:51:6:show_operand_stack	24	static
../Core/chos_sdk/algorithms-in-c/examples/Ch01-Foundamentals/ExpressionEvaluation/main.c:61:5:operator_rank	16	static
../Core/chos_sdk/algorithms-in-c/examples/Ch01-Foundamentals/ExpressionEvaluation/main.c:71:6:calculate	24	static
../Core/chos_sdk/algorithms-in-c/examples/Ch01-Foundamentals/ExpressionEvaluation/main.c:95:5:main	72	static
