../Core/chos_sdk/algorithms-in-c/.examples/Ch02-Sorting/HeapSort1-PriorityQueue/main.c:31:1:heap_sift_up	24	static
../Core/chos_sdk/algorithms-in-c/.examples/Ch02-Sorting/HeapSort1-PriorityQueue/main.c:31:1:heap_sift_down	24	static
../Core/chos_sdk/algorithms-in-c/.examples/Ch02-Sorting/HeapSort1-PriorityQueue/main.c:31:1:heap_init	32	static
../Core/chos_sdk/algorithms-in-c/.examples/Ch02-Sorting/HeapSort1-PriorityQueue/main.c:31:1:heap_destroy	16	static
../Core/chos_sdk/algorithms-in-c/.examples/Ch02-Sorting/HeapSort1-PriorityQueue/main.c:31:1:heap_push	16	static
../Core/chos_sdk/algorithms-in-c/.examples/Ch02-Sorting/HeapSort1-PriorityQueue/main.c:31:1:heap_pop	24	static
../Core/chos_sdk/algorithms-in-c/.examples/Ch02-Sorting/HeapSort1-PriorityQueue/main.c:31:1:heap_top	16	static
../Core/chos_sdk/algorithms-in-c/.examples/Ch02-Sorting/HeapSort1-PriorityQueue/main.c:31:1:heap_update	24	static
../Core/chos_sdk/algorithms-in-c/.examples/Ch02-Sorting/HeapSort1-PriorityQueue/main.c:31:1:heap_sort	24	static
../Core/chos_sdk/algorithms-in-c/.examples/Ch02-Sorting/HeapSort1-PriorityQueue/main.c:34:5:compare1	16	static
../Core/chos_sdk/algorithms-in-c/.examples/Ch02-Sorting/HeapSort1-PriorityQueue/main.c:40:5:compare2	16	static
../Core/chos_sdk/algorithms-in-c/.examples/Ch02-Sorting/HeapSort1-PriorityQueue/main.c:46:6:create_heap	56	static
../Core/chos_sdk/algorithms-in-c/.examples/Ch02-Sorting/HeapSort1-PriorityQueue/main.c:68:6:sort_steps	56	static
../Core/chos_sdk/algorithms-in-c/.examples/Ch02-Sorting/HeapSort1-PriorityQueue/main.c:97:6:sort_inplace	48	static
../Core/chos_sdk/algorithms-in-c/.examples/Ch02-Sorting/HeapSort1-PriorityQueue/main.c:121:5:main	168	static
