../Core/chaos_sdk/algorithms-in-c/GraphReader.c:44:6:raise_exception	32	static
../Core/chaos_sdk/algorithms-in-c/GraphReader.c:61:6:charstream_init	16	static
../Core/chaos_sdk/algorithms-in-c/GraphReader.c:70:6:charstream_current_char	16	static
../Core/chaos_sdk/algorithms-in-c/GraphReader.c:76:6:charstream_next_char	16	static
../Core/chaos_sdk/algorithms-in-c/GraphReader.c:106:6:scanner_current_char	16	static
../Core/chaos_sdk/algorithms-in-c/GraphReader.c:112:6:scanner_next_char	16	static
../Core/chaos_sdk/algorithms-in-c/GraphReader.c:118:14:scanner_current_token	16	static
../Core/chaos_sdk/algorithms-in-c/GraphReader.c:124:5:isWhiteSpace	16	static
../Core/chaos_sdk/algorithms-in-c/GraphReader.c:129:6:scanner_skip_whitespace	16	static
../Core/chaos_sdk/algorithms-in-c/GraphReader.c:141:6:scanner_init_token	16	static
../Core/chaos_sdk/algorithms-in-c/GraphReader.c:150:6:scanner_enter_char	24	static
../Core/chaos_sdk/algorithms-in-c/GraphReader.c:159:6:scanner_set_text	16	static
../Core/chaos_sdk/algorithms-in-c/GraphReader.c:165:6:scanner_set_type	16	static
../Core/chaos_sdk/algorithms-in-c/GraphReader.c:171:6:scanner_keyword	16	static
../Core/chaos_sdk/algorithms-in-c/GraphReader.c:197:6:scanner_integer_literal	16	static
../Core/chaos_sdk/algorithms-in-c/GraphReader.c:213:6:scanner_numeric_literal	16	static
../Core/chaos_sdk/algorithms-in-c/GraphReader.c:252:14:scanner_next_token	24	static
../Core/chaos_sdk/algorithms-in-c/GraphReader.c:303:6:scanner_init	96	static
../Core/chaos_sdk/algorithms-in-c/GraphReader.c:319:6:state_init_current_edge	16	static
../Core/chaos_sdk/algorithms-in-c/GraphReader.c:326:6:state_init	16	static
../Core/chaos_sdk/algorithms-in-c/GraphReader.c:332:6:state_set_graph	16	static
../Core/chaos_sdk/algorithms-in-c/GraphReader.c:339:6:state_enter_edge	48	static
../Core/chaos_sdk/algorithms-in-c/GraphReader.c:356:6:parser_init	24	static
../Core/chaos_sdk/algorithms-in-c/GraphReader.c:364:14:parser_current_token	16	static
../Core/chaos_sdk/algorithms-in-c/GraphReader.c:370:14:parser_next_token	16	static
../Core/chaos_sdk/algorithms-in-c/GraphReader.c:376:6:action_set_start	184	static
../Core/chaos_sdk/algorithms-in-c/GraphReader.c:389:6:action_set_end	184	static
../Core/chaos_sdk/algorithms-in-c/GraphReader.c:402:6:action_set_weight	184	static
../Core/chaos_sdk/algorithms-in-c/GraphReader.c:417:6:parser_match	96	static
../Core/chaos_sdk/algorithms-in-c/GraphReader.c:429:6:parser_weight_attribute	16	static
../Core/chaos_sdk/algorithms-in-c/GraphReader.c:443:6:parser_graph_edge	96	static
../Core/chaos_sdk/algorithms-in-c/GraphReader.c:458:6:parser_graph	96	static
../Core/chaos_sdk/algorithms-in-c/GraphReader.c:472:6:parser_digraph_edge	96	static
../Core/chaos_sdk/algorithms-in-c/GraphReader.c:487:6:parser_digraph	96	static
../Core/chaos_sdk/algorithms-in-c/GraphReader.c:501:6:parser_graph_definition	168	static
../Core/chaos_sdk/algorithms-in-c/GraphReader.c:517:6:graph2dot	96	static
../Core/chaos_sdk/algorithms-in-c/GraphReader.c:535:6:dot2graph	144	static
