../Core/chaos_sdk/entityframework/entity_manager.c:25:13:deleteEntitityFieldsInternal	24	static
../Core/chaos_sdk/entityframework/entity_manager.c:48:6:deleteEntitityFieldsExternal	24	static
../Core/chaos_sdk/entityframework/entity_manager.c:72:6:deleteEntities	16	static
../Core/chaos_sdk/entityframework/entity_manager.c:87:5:newEntities	32	static
../Core/chaos_sdk/entityframework/entity_manager.c:102:5:initEntity	88	static
../Core/chaos_sdk/entityframework/entity_manager.c:205:5:initField	64	static
../Core/chaos_sdk/entityframework/entity_manager.c:251:5:initFieldPointer	40	static
../Core/chaos_sdk/entityframework/entity_manager.c:258:5:initFieldArray	88	static
../Core/chaos_sdk/entityframework/entity_manager.c:314:5:initFieldFromPtr	32	static
../Core/chaos_sdk/entityframework/entity_manager.c:334:5:fieldRename	48	static
../Core/chaos_sdk/entityframework/entity_manager.c:361:5:initFieldCallback	48	static
../Core/chaos_sdk/entityframework/entity_manager.c:398:5:entityInitCallback	48	static
../Core/chaos_sdk/entityframework/entity_manager.c:432:5:entityInitCallback_txt	56	static
../Core/chaos_sdk/entityframework/entity_manager.c:478:5:foreachEntities	64	static
