../Core/chaos_sdk/my_ctype/runtime_cast/runtime_cast_template.c:11:3:readRuntimeCast_u8	32	static
../Core/chaos_sdk/my_ctype/runtime_cast/runtime_cast_template.c:101:5:writeRuntimeCast_u8	48	static
../Core/chaos_sdk/my_ctype/runtime_cast/runtime_cast_template.c:11:3:readRuntimeCast_u16	32	static
../Core/chaos_sdk/my_ctype/runtime_cast/runtime_cast_template.c:101:5:writeRuntimeCast_u16	48	static
../Core/chaos_sdk/my_ctype/runtime_cast/runtime_cast_template.c:11:3:readRuntimeCast_u24	32	static
../Core/chaos_sdk/my_ctype/runtime_cast/runtime_cast_template.c:101:5:writeRuntimeCast_u24	48	static
../Core/chaos_sdk/my_ctype/runtime_cast/runtime_cast_template.c:11:3:readRuntimeCast_u32	32	static
../Core/chaos_sdk/my_ctype/runtime_cast/runtime_cast_template.c:101:5:writeRuntimeCast_u32	48	static
../Core/chaos_sdk/my_ctype/runtime_cast/runtime_cast_template.c:11:3:readRuntimeCast_u64	128	static
../Core/chaos_sdk/my_ctype/runtime_cast/runtime_cast_template.c:101:5:writeRuntimeCast_u64	32	static
../Core/chaos_sdk/my_ctype/runtime_cast/runtime_cast_template.c:11:3:readRuntimeCast_c8	32	static
../Core/chaos_sdk/my_ctype/runtime_cast/runtime_cast_template.c:101:5:writeRuntimeCast_c8	48	static
../Core/chaos_sdk/my_ctype/runtime_cast/runtime_cast_template.c:11:3:readRuntimeCast_i8	32	static
../Core/chaos_sdk/my_ctype/runtime_cast/runtime_cast_template.c:101:5:writeRuntimeCast_i8	48	static
../Core/chaos_sdk/my_ctype/runtime_cast/runtime_cast_template.c:11:3:readRuntimeCast_i16	32	static
../Core/chaos_sdk/my_ctype/runtime_cast/runtime_cast_template.c:101:5:writeRuntimeCast_i16	48	static
../Core/chaos_sdk/my_ctype/runtime_cast/runtime_cast_template.c:11:3:readRuntimeCast_i24	32	static
../Core/chaos_sdk/my_ctype/runtime_cast/runtime_cast_template.c:101:5:writeRuntimeCast_i24	48	static
../Core/chaos_sdk/my_ctype/runtime_cast/runtime_cast_template.c:11:3:readRuntimeCast_i32	32	static
../Core/chaos_sdk/my_ctype/runtime_cast/runtime_cast_template.c:101:5:writeRuntimeCast_i32	48	static
../Core/chaos_sdk/my_ctype/runtime_cast/runtime_cast_template.c:11:3:readRuntimeCast_i64	128	static
../Core/chaos_sdk/my_ctype/runtime_cast/runtime_cast_template.c:101:5:writeRuntimeCast_i64	32	static
../Core/chaos_sdk/my_ctype/runtime_cast/runtime_cast_template.c:11:3:readRuntimeCast_f32	32	static
../Core/chaos_sdk/my_ctype/runtime_cast/runtime_cast_template.c:101:5:writeRuntimeCast_f32	32	static
../Core/chaos_sdk/my_ctype/runtime_cast/runtime_cast_template.c:11:3:readRuntimeCast_f64	32	static
../Core/chaos_sdk/my_ctype/runtime_cast/runtime_cast_template.c:101:5:writeRuntimeCast_f64	32	static
../Core/chaos_sdk/my_ctype/runtime_cast/runtime_cast_template.c:11:3:readRuntimeCast_f128	32	static
../Core/chaos_sdk/my_ctype/runtime_cast/runtime_cast_template.c:101:5:writeRuntimeCast_f128	32	static
../Core/chaos_sdk/my_ctype/runtime_cast/runtime_cast_template.c:11:3:readRuntimeCast_b	32	static
../Core/chaos_sdk/my_ctype/runtime_cast/runtime_cast_template.c:101:5:writeRuntimeCast_b	48	static
../Core/chaos_sdk/my_ctype/runtime_cast/runtime_cast_template.c:11:3:readRuntimeCast_reg	32	static
../Core/chaos_sdk/my_ctype/runtime_cast/runtime_cast_template.c:101:5:writeRuntimeCast_reg	48	static
../Core/chaos_sdk/my_ctype/runtime_cast/runtime_cast_template.c:11:3:readRuntimeCast_sreg	32	static
../Core/chaos_sdk/my_ctype/runtime_cast/runtime_cast_template.c:101:5:writeRuntimeCast_sreg	48	static
