../Core/chaos_sdk/my_ctype/runtime_cast/runtime_cast_template.c:11:3:readRuntimeCast_u8	296	static
../Core/chaos_sdk/my_ctype/runtime_cast/runtime_cast_template.c:62:5:writeRuntimeCast_u8	312	static
../Core/chaos_sdk/my_ctype/runtime_cast/runtime_cast_template.c:11:3:readRuntimeCast_u16	296	static
../Core/chaos_sdk/my_ctype/runtime_cast/runtime_cast_template.c:62:5:writeRuntimeCast_u16	312	static
../Core/chaos_sdk/my_ctype/runtime_cast/runtime_cast_template.c:11:3:readRuntimeCast_u24	296	static
../Core/chaos_sdk/my_ctype/runtime_cast/runtime_cast_template.c:62:5:writeRuntimeCast_u24	312	static
../Core/chaos_sdk/my_ctype/runtime_cast/runtime_cast_template.c:11:3:readRuntimeCast_u32	296	static
../Core/chaos_sdk/my_ctype/runtime_cast/runtime_cast_template.c:62:5:writeRuntimeCast_u32	312	static
../Core/chaos_sdk/my_ctype/runtime_cast/runtime_cast_template.c:11:3:readRuntimeCast_u64	384	static
../Core/chaos_sdk/my_ctype/runtime_cast/runtime_cast_template.c:62:5:writeRuntimeCast_u64	304	static
../Core/chaos_sdk/my_ctype/runtime_cast/runtime_cast_template.c:11:3:readRuntimeCast_c8	296	static
../Core/chaos_sdk/my_ctype/runtime_cast/runtime_cast_template.c:62:5:writeRuntimeCast_c8	312	static
../Core/chaos_sdk/my_ctype/runtime_cast/runtime_cast_template.c:11:3:readRuntimeCast_i8	296	static
../Core/chaos_sdk/my_ctype/runtime_cast/runtime_cast_template.c:62:5:writeRuntimeCast_i8	312	static
../Core/chaos_sdk/my_ctype/runtime_cast/runtime_cast_template.c:11:3:readRuntimeCast_i16	296	static
../Core/chaos_sdk/my_ctype/runtime_cast/runtime_cast_template.c:62:5:writeRuntimeCast_i16	312	static
../Core/chaos_sdk/my_ctype/runtime_cast/runtime_cast_template.c:11:3:readRuntimeCast_i24	296	static
../Core/chaos_sdk/my_ctype/runtime_cast/runtime_cast_template.c:62:5:writeRuntimeCast_i24	312	static
../Core/chaos_sdk/my_ctype/runtime_cast/runtime_cast_template.c:11:3:readRuntimeCast_i32	296	static
../Core/chaos_sdk/my_ctype/runtime_cast/runtime_cast_template.c:62:5:writeRuntimeCast_i32	312	static
../Core/chaos_sdk/my_ctype/runtime_cast/runtime_cast_template.c:11:3:readRuntimeCast_i64	384	static
../Core/chaos_sdk/my_ctype/runtime_cast/runtime_cast_template.c:62:5:writeRuntimeCast_i64	304	static
../Core/chaos_sdk/my_ctype/runtime_cast/runtime_cast_template.c:11:3:readRuntimeCast_f32	296	static
../Core/chaos_sdk/my_ctype/runtime_cast/runtime_cast_template.c:62:5:writeRuntimeCast_f32	296	static
../Core/chaos_sdk/my_ctype/runtime_cast/runtime_cast_template.c:11:3:readRuntimeCast_f64	296	static
../Core/chaos_sdk/my_ctype/runtime_cast/runtime_cast_template.c:62:5:writeRuntimeCast_f64	296	static
../Core/chaos_sdk/my_ctype/runtime_cast/runtime_cast_template.c:11:3:readRuntimeCast_f128	296	static
../Core/chaos_sdk/my_ctype/runtime_cast/runtime_cast_template.c:62:5:writeRuntimeCast_f128	296	static
../Core/chaos_sdk/my_ctype/runtime_cast/runtime_cast_template.c:11:3:readRuntimeCast_b	296	static
../Core/chaos_sdk/my_ctype/runtime_cast/runtime_cast_template.c:62:5:writeRuntimeCast_b	312	static
../Core/chaos_sdk/my_ctype/runtime_cast/runtime_cast_template.c:11:3:readRuntimeCast_reg	296	static
../Core/chaos_sdk/my_ctype/runtime_cast/runtime_cast_template.c:62:5:writeRuntimeCast_reg	312	static
../Core/chaos_sdk/my_ctype/runtime_cast/runtime_cast_template.c:11:3:readRuntimeCast_sreg	296	static
../Core/chaos_sdk/my_ctype/runtime_cast/runtime_cast_template.c:62:5:writeRuntimeCast_sreg	312	static
